error: Expected an expression with 'key: value', '#[...] key: value', 'key,' or `#[...] key,` format. Found: (empty).
       If you're using double curly braces syntax (`leptos_fluent! {{ ... }}` make sure to use single curly braces syntax (`leptos_fluent! { ... }`).
  --> tests/ui/leptos_fluent/fail/double_curly_braces.rs:14:5
   |
14 | /     leptos_fluent! {{
15 | |         translations: [TRANSLATIONS],
16 | |         locales: "../../../../examples/csr-minimal/locales",
17 | |         url_param: ,
18 | |     }};
   | |______^
   |
   = note: this error originates in the macro `leptos_fluent` (in Nightly builds, run with -Z macro-backtrace for more info)
