error: Missing `locales` parameter
  --> tests/ui/leptos_fluent/fail/locales_required.rs:14:5
   |
14 | /     leptos_fluent! {{
15 | |         translations: [TRANSLATIONS],
16 | |     }};
   | |______^
   |
   = note: this error originates in the macro `leptos_fluent` (in Nightly builds, run with -Z macro-backtrace for more info)
