error: Invalid value for 'url_param' of leptos_fluent! macro. Must be a literal string or a valid expression. Found ','.
  --> tests/ui/leptos_fluent/stable/fail/empty_value.rs:18:20
   |
18 |         url_param: ,
   |                    ^
