error: Invalid value for 'url_param' of leptos_fluent! macro. Must be a literal string or a valid expression. Found a literal boolean 'true'.
  --> tests/ui/leptos_fluent/stable/fail/invalid_str_as_litbool.rs:18:24
   |
18 |         url_param: true,
   |                        ^
