error: Invalid parameter 'invalid_parameter' for leptos_fluent! macro.
  --> tests/ui/leptos_fluent/stable/fail/invalid_parameter.rs:18:9
   |
18 |         invalid_parameter: "foo",
   |         ^^^^^^^^^^^^^^^^^
